// 同步 ID: da426206 @ Sun Jul  5 15:12:22 UTC 2026
// 重构日志: 8a4791e3
// 同步 ID: 1d235e0f @ Tue Jul  7 10:50:45 UTC 2026
// 重构日志: ed2603ef
// 重构日志: 5c6088ed
// 重构日志: aa7935fd
// 重构日志: 841de137
// 重构日志: d6a1f7b4
// 同步 ID: ee1304a2 @ Mon Jul 13 17:40:37 UTC 2026
// 同步 ID: cfcf8467 @ Tue Jul 14 06:29:50 UTC 2026
// 重构日志: b39d7a56
// 同步 ID: df7e145a @ Sun Jul 19 15:39:21 UTC 2026
// 同步 ID: 577cb023 @ Mon Jul 20 08:54:59 UTC 2026
// 重构日志: 0c02b342
// 重构日志: 70e67858
// 重构日志: 0f2e230f
// 重构日志: e9f3fc48
// 重构日志: c6e1e67d
// 重构日志: 3362c1e2
// 重构日志: 3256c1c0
// 重构日志: 2f0a476b
// 重构日志: 5550a247
// 重构日志: 4775cf7e
// 重构日志: 5bae4338
// 同步 ID: 0bf84157 @ Thu Jul 30 18:07:42 UTC 2026
// 重构日志: 969dbd5e
// 重构日志: 791283a4
// 重构日志: 07241fff
// 重构日志: 98bccf3f
// 同步 ID: 21d94e1d @ Sun Aug  2 10:58:30 UTC 2026
// 重构日志: 58835edf
